<html>
<body>
<pre>
<h1>µVision Build Log</h1>
<h2>Tool Versions:</h2>
IDE-Version: µVision V5.28.0.0
Copyright (C) 2019 ARM Ltd and ARM Germany GmbH. All rights reserved.
License Information: Richard Administrator, Cambridge University, LIC=----
 
Tool Versions:
Toolchain:       MDK-Lite  Version: 5.28.0.0
Toolchain Path:  C:\Keil_v5\ARM\ARMCC\Bin
C Compiler:      Armcc.exe V5.06 update 6 (build 750)
Assembler:       Armasm.exe V5.06 update 6 (build 750)
Linker/Locator:  ArmLink.exe V5.06 update 6 (build 750)
Library Manager: ArmAr.exe V5.06 update 6 (build 750)
Hex Converter:   FromElf.exe V5.06 update 6 (build 750)
CPU DLL:         SARMCM3.DLL V5.28.0.0
Dialog DLL:      DCM.DLL V1.17.3.0
Target DLL:      CMSIS_AGDI.dll V1.31.18.0
Dialog DLL:      TCM.DLL V1.36.2.0
 
<h2>Project:</h2>
C:\Users\Administrator\Desktop\ad5940-examples\examples\AD5940_OMMS\ADICUP3029\AD5940_Impedance.uvprojx
Project File Date:  02/14/2020

<h2>Output:</h2>
*** Using Compiler 'V5.06 update 6 (build 750)', folder: 'C:\Keil_v5\ARM\ARMCC\Bin'
Build target 'ADICUP3029'
compiling UARTCmd.c...
compiling main.c...
linking...
Program Size: Code=5936 RO-data=604 RW-data=104 ZI-data=1152  
FromELF: creating hex file...
".\AD5940_Impedance.axf" - 0 Error(s), 0 Warning(s).

<h2>Software Packages used:</h2>

Package Vendor: ARM
                http://www.keil.com/pack/ARM.CMSIS.5.5.1.pack
                ARM.CMSIS.5.5.1
                CMSIS (Cortex Microcontroller Software Interface Standard)
   * Component: CORE Version: 5.2.0
   * Component: DSP Variant: Library Version: 1.6.0

Package Vendor: AnalogDevices
                http://download.analog.com/tools/EZBoards/CM302x/Releases/AnalogDevices.ADuCM302x_DFP.3.2.0.pack
                AnalogDevices.ADuCM302x_DFP.3.2.0
                Analog Devices ADuCM302x Device Support. (Subject to the Software License Agreement referred to in the Release Notes.)
   * Component: Global Configuration Version: 3.2.0
   * Component: Startup Version: 3.2.0

<h2>Collection of Component include folders:</h2>
  .\RTE\Device\ADuCM3029
  .\RTE\_ADICUP3029
  C:\Users\Administrator\AppData\Local\Arm\Packs\ARM\CMSIS\5.5.1\CMSIS\Core\Include
  C:\Users\Administrator\AppData\Local\Arm\Packs\ARM\CMSIS\5.5.1\CMSIS\DSP\Include
  C:\Users\Administrator\AppData\Local\Arm\Packs\AnalogDevices\ADuCM302x_DFP\3.2.0\Include

<h2>Collection of Component Files used:</h2>

   * Component: ARM::CMSIS:CORE:5.2.0

   * Component: ARM::CMSIS:DSP:Library:1.6.0
      Library file:  CMSIS\DSP\Lib\ARM\arm_cortexM3l_math.lib
      Include file:  CMSIS\DSP\Include\arm_math.h

   * Component: AnalogDevices::Device:Global Configuration:3.2.0
      Include file:  Include\config\adi_global_config.h
      Include file:  Include\config\adi_cycle_counting_config.h

   * Component: AnalogDevices::Device:Startup:3.2.0
      Source file:   Source\system_ADuCM3029.c
      Source file:   Source\ARM\startup_ADuCM3029.s
Build Time Elapsed:  00:00:02
</pre>
</body>
</html>
